
__  Current Time:   0.000000 __________________________________________ 


	INITIAL CONDITIONS in model <Tester.Controller.MainApp>
		Initial State: None
		Next scheduled internal transition at time inf


	INITIAL CONDITIONS in model <Tester.Controller.ObjectManager>
		Initial State: None
		Next scheduled internal transition at time 0.000000


	INITIAL CONDITIONS in model <Tester.Tester>
		Initial State: None
		Next scheduled internal transition at time 0.000000


__  Current Time:   0.000000 __________________________________________ 


	EXTERNAL TRANSITION in model <Tester.Controller.MainApp>
		Input Port Configuration:
			port <obj_manager_in>:
				[('MainApp', 'MainApp', (event name: start_instance; port: None; parameters: ['MainApp[0]']))]
			port <input>:
			port <private_0_<narrow_cast>>:
		New State: {0: <target.MainAppInstance object at 0x102b3e4e0>}
		Next scheduled internal transition at time 0.000000


	INTERNAL TRANSITION in model <Tester.Controller.ObjectManager>
		New State: <target.ObjectManagerState object at 0x102b6b1a0>
		Output Port Configuration:
			port <port1>:
				[('MainApp', 'MainApp', (event name: start_instance; port: None; parameters: ['MainApp[0]']))]
		Next scheduled internal transition at time inf


__  Current Time:   0.000000 __________________________________________ 


	EXTERNAL TRANSITION in model <Tester.Controller.ObjectManager>
		Input Port Configuration:
			port <input>:
				[('MainApp', 'MainApp', (event name: instance_started; port: None; parameters: ['MainApp[0]']))]
		New State: <target.ObjectManagerState object at 0x102b6b1a0>
		Next scheduled internal transition at time 0.000000


	INTERNAL TRANSITION in model <Tester.Controller.MainApp>
		New State: {0: <target.MainAppInstance object at 0x102b3e4e0>}
		Output Port Configuration:
			port <obj_manager_out>:
				[('MainApp', 'MainApp', (event name: instance_started; port: None; parameters: ['MainApp[0]']))]
			port <ui>:
				[(event name: waiting_on_input; port: ui)]
		Next scheduled internal transition at time 0.000000


__  Current Time:   0.000000 __________________________________________ 


	INTERNAL TRANSITION in model <Tester.Controller.MainApp>
		New State: {0: <target.MainAppInstance object at 0x102b3e4e0>}
		Output Port Configuration:
			port <obj_manager_out>:
			port <ui>:
		Next scheduled internal transition at time inf


__  Current Time:   0.000000 __________________________________________ 


	EXTERNAL TRANSITION in model <Tester.Controller.MainApp>
		Input Port Configuration:
			port <obj_manager_in>:
				[('MainApp', 'MainApp', (event name: instance_started; port: None; parameters: ['MainApp[0]']))]
			port <input>:
			port <private_0_<narrow_cast>>:
		New State: {0: <target.MainAppInstance object at 0x102b3e4e0>}
		Next scheduled internal transition at time 0.000000


	INTERNAL TRANSITION in model <Tester.Controller.ObjectManager>
		New State: <target.ObjectManagerState object at 0x102b6b1a0>
		Output Port Configuration:
			port <port1>:
				[('MainApp', 'MainApp', (event name: instance_started; port: None; parameters: ['MainApp[0]']))]
		Next scheduled internal transition at time inf


__  Current Time:   0.000000 __________________________________________ 


	INTERNAL TRANSITION in model <Tester.Controller.MainApp>
		New State: {0: <target.MainAppInstance object at 0x102b3e4e0>}
		Output Port Configuration:
			port <obj_manager_out>:
			port <ui>:
		Next scheduled internal transition at time 0.000000


__  Current Time:   0.000000 __________________________________________ 


	INTERNAL TRANSITION in model <Tester.Controller.MainApp>
		New State: {0: <target.MainAppInstance object at 0x102b3e4e0>}
		Output Port Configuration:
			port <obj_manager_out>:
			port <ui>:
		Next scheduled internal transition at time inf


__  Current Time:   0.000000 __________________________________________ 


	INTERNAL TRANSITION in model <Tester.Tester>
		New State: None
		Output Port Configuration:
			port <ui>:
		Next scheduled internal transition at time 1.000000

